// Jest Snapshot v1, https://goo.gl/fbAQLP

exports[`TESTING Classroom GIVEN a class room with registration input WHEN rendering the classroom THEN students related to the registration are highlighted 1`] = `
<div>
  <div
    class="classroom"
  >
    <div
      class="classroom__heading"
    >
      <h2>
        Classroom
      </h2>
      <span>
        0
         / 
        2
         Picked up
      </span>
    </div>
    <ul
      class="classroom__student-list"
    >
      <div
        class="student
      student--highlight
      false"
      >
        <svg
          fill="currentColor"
          height="20"
          stroke="currentColor"
          stroke-width="0"
          viewBox="0 0 16 16"
          width="20"
          xmlns="http://www.w3.org/2000/svg"
        >
          <path
            d="M11 6a3 3 0 1 1-6 0 3 3 0 0 1 6 0z"
          />
          <path
            d="M0 8a8 8 0 1 1 16 0A8 8 0 0 1 0 8zm8-7a7 7 0 0 0-5.468 11.37C3.242 11.226 4.805 10 8 10s4.757 1.225 5.468 2.37A7 7 0 0 0 8 1z"
            fill-rule="evenodd"
          />
        </svg>
        <label
          for="student-checkbox-5"
        >
          Linden Wolf
        </label>
        <input
          id="student-checkbox-5"
          type="checkbox"
        />
      </div>
      <div
        class="student
      student--disabled
      false"
      >
        <svg
          fill="currentColor"
          height="20"
          stroke="currentColor"
          stroke-width="0"
          viewBox="0 0 16 16"
          width="20"
          xmlns="http://www.w3.org/2000/svg"
        >
          <path
            d="M11 6a3 3 0 1 1-6 0 3 3 0 0 1 6 0z"
          />
          <path
            d="M0 8a8 8 0 1 1 16 0A8 8 0 0 1 0 8zm8-7a7 7 0 0 0-5.468 11.37C3.242 11.226 4.805 10 8 10s4.757 1.225 5.468 2.37A7 7 0 0 0 8 1z"
            fill-rule="evenodd"
          />
        </svg>
        <label
          for="student-checkbox-6"
        >
          Doyle Bryce
        </label>
        <input
          disabled=""
          id="student-checkbox-6"
          type="checkbox"
        />
      </div>
    </ul>
  </div>
</div>
`;
